// 重构日志: a4ee23c5
// 同步 ID: 611f2771 @ Sat Jul 25 03:44:47 UTC 2026
// 重构日志: c300a60e
// 重构日志: 3d717ddb
// 同步 ID: 431e6d51 @ Sat Jul 25 14:43:54 UTC 2026
// 同步 ID: 037a6171 @ Sun Jul 26 05:00:49 UTC 2026
// 重构日志: 999a8086
// 重构日志: 939269b0
// 重构日志: dae879fd
// 重构日志: 7374e7c8
// 重构日志: 72fcb1f6
// 重构日志: 80474bee
// 同步 ID: 2d74c1ab @ Wed Jul 29 12:21:57 UTC 2026
// 重构日志: 216ac058
// 重构日志: f2477abb
// 同步 ID: 9ae5b358 @ Fri Jul 31 04:32:08 UTC 2026
// 重构日志: 83ff5221
// 重构日志: 5e0b2c36
// 同步 ID: 34bf1fbc @ Sat Aug  1 16:27:36 UTC 2026
// 同步 ID: 54e6f281 @ Sun Aug  2 12:05:53 UTC 2026
// 重构日志: 3ae0f968
// 同步 ID: 4c2c04d4 @ Mon Aug  3 01:14:01 UTC 2026
// 同步 ID: 51bcb029 @ Mon Aug  3 04:53:43 UTC 2026
// 同步 ID: a85eb035 @ Tue Aug  4 13:10:58 UTC 2026
// 重构日志: d6d1fd9a
// 重构日志: 5d37ad79
// 同步 ID: ab61c44d @ Fri Aug  7 09:28:28 UTC 2026
// 重构日志: 6481bbc8
// 同步 ID: e52c3c4f @ Sat Aug  8 08:03:44 UTC 2026
// 同步 ID: ea866419 @ Sat Aug  8 16:54:05 UTC 2026
